# Autogerado - Ventoy Menu
# Sun Mar 29 01:58:05 UTC 2026


submenu "Windows Education" {
    menuentry "Basico" {
        set xml="/autounattend/Education/Basico.xml"
        ventoy_autounattend $xml
    }
    menuentry "Cru" {
        set xml="/autounattend/Education/Cru.xml"
        ventoy_autounattend $xml
    }
    menuentry "Designer" {
        set xml="/autounattend/Education/Designer.xml"
        ventoy_autounattend $xml
    }
    menuentry "Dev" {
        set xml="/autounattend/Education/Dev.xml"
        ventoy_autounattend $xml
    }
    menuentry "Full" {
        set xml="/autounattend/Education/Full.xml"
        ventoy_autounattend $xml
    }
    menuentry "Gamer" {
        set xml="/autounattend/Education/Gamer.xml"
        ventoy_autounattend $xml
    }
}

submenu "Windows Enterprise-G" {
    menuentry "Basico" {
        set xml="/autounattend/Enterprise-G/Basico.xml"
        ventoy_autounattend $xml
    }
    menuentry "Cru" {
        set xml="/autounattend/Enterprise-G/Cru.xml"
        ventoy_autounattend $xml
    }
    menuentry "Designer" {
        set xml="/autounattend/Enterprise-G/Designer.xml"
        ventoy_autounattend $xml
    }
    menuentry "Dev" {
        set xml="/autounattend/Enterprise-G/Dev.xml"
        ventoy_autounattend $xml
    }
    menuentry "Full" {
        set xml="/autounattend/Enterprise-G/Full.xml"
        ventoy_autounattend $xml
    }
    menuentry "Gamer" {
        set xml="/autounattend/Enterprise-G/Gamer.xml"
        ventoy_autounattend $xml
    }
}

submenu "Windows Enterprise-LTSC_2024" {
    menuentry "Basico" {
        set xml="/autounattend/Enterprise-LTSC_2024/Basico.xml"
        ventoy_autounattend $xml
    }
    menuentry "Cru" {
        set xml="/autounattend/Enterprise-LTSC_2024/Cru.xml"
        ventoy_autounattend $xml
    }
    menuentry "Designer" {
        set xml="/autounattend/Enterprise-LTSC_2024/Designer.xml"
        ventoy_autounattend $xml
    }
    menuentry "Dev" {
        set xml="/autounattend/Enterprise-LTSC_2024/Dev.xml"
        ventoy_autounattend $xml
    }
    menuentry "Full" {
        set xml="/autounattend/Enterprise-LTSC_2024/Full.xml"
        ventoy_autounattend $xml
    }
    menuentry "Gamer" {
        set xml="/autounattend/Enterprise-LTSC_2024/Gamer.xml"
        ventoy_autounattend $xml
    }
}

submenu "Windows Enterprise" {
    menuentry "Basico" {
        set xml="/autounattend/Enterprise/Basico.xml"
        ventoy_autounattend $xml
    }
    menuentry "Cru" {
        set xml="/autounattend/Enterprise/Cru.xml"
        ventoy_autounattend $xml
    }
    menuentry "Designer" {
        set xml="/autounattend/Enterprise/Designer.xml"
        ventoy_autounattend $xml
    }
    menuentry "Dev" {
        set xml="/autounattend/Enterprise/Dev.xml"
        ventoy_autounattend $xml
    }
    menuentry "Full" {
        set xml="/autounattend/Enterprise/Full.xml"
        ventoy_autounattend $xml
    }
    menuentry "Gamer" {
        set xml="/autounattend/Enterprise/Gamer.xml"
        ventoy_autounattend $xml
    }
}

submenu "Windows HomeSingleLanguage" {
    menuentry "Basico" {
        set xml="/autounattend/HomeSingleLanguage/Basico.xml"
        ventoy_autounattend $xml
    }
    menuentry "Cru" {
        set xml="/autounattend/HomeSingleLanguage/Cru.xml"
        ventoy_autounattend $xml
    }
    menuentry "Designer" {
        set xml="/autounattend/HomeSingleLanguage/Designer.xml"
        ventoy_autounattend $xml
    }
    menuentry "Dev" {
        set xml="/autounattend/HomeSingleLanguage/Dev.xml"
        ventoy_autounattend $xml
    }
    menuentry "Full" {
        set xml="/autounattend/HomeSingleLanguage/Full.xml"
        ventoy_autounattend $xml
    }
    menuentry "Gamer" {
        set xml="/autounattend/HomeSingleLanguage/Gamer.xml"
        ventoy_autounattend $xml
    }
}

submenu "Windows Home" {
    menuentry "Basico" {
        set xml="/autounattend/Home/Basico.xml"
        ventoy_autounattend $xml
    }
    menuentry "Cru" {
        set xml="/autounattend/Home/Cru.xml"
        ventoy_autounattend $xml
    }
    menuentry "Designer" {
        set xml="/autounattend/Home/Designer.xml"
        ventoy_autounattend $xml
    }
    menuentry "Dev" {
        set xml="/autounattend/Home/Dev.xml"
        ventoy_autounattend $xml
    }
    menuentry "Full" {
        set xml="/autounattend/Home/Full.xml"
        ventoy_autounattend $xml
    }
    menuentry "Gamer" {
        set xml="/autounattend/Home/Gamer.xml"
        ventoy_autounattend $xml
    }
}

submenu "Windows IoT-Enterprise-LTSC_2024" {
    menuentry "Basico" {
        set xml="/autounattend/IoT-Enterprise-LTSC_2024/Basico.xml"
        ventoy_autounattend $xml
    }
    menuentry "Cru" {
        set xml="/autounattend/IoT-Enterprise-LTSC_2024/Cru.xml"
        ventoy_autounattend $xml
    }
    menuentry "Designer" {
        set xml="/autounattend/IoT-Enterprise-LTSC_2024/Designer.xml"
        ventoy_autounattend $xml
    }
    menuentry "Dev" {
        set xml="/autounattend/IoT-Enterprise-LTSC_2024/Dev.xml"
        ventoy_autounattend $xml
    }
    menuentry "Full" {
        set xml="/autounattend/IoT-Enterprise-LTSC_2024/Full.xml"
        ventoy_autounattend $xml
    }
    menuentry "Gamer" {
        set xml="/autounattend/IoT-Enterprise-LTSC_2024/Gamer.xml"
        ventoy_autounattend $xml
    }
}

submenu "Windows IoT-Enterprise" {
    menuentry "Basico" {
        set xml="/autounattend/IoT-Enterprise/Basico.xml"
        ventoy_autounattend $xml
    }
    menuentry "Cru" {
        set xml="/autounattend/IoT-Enterprise/Cru.xml"
        ventoy_autounattend $xml
    }
    menuentry "Designer" {
        set xml="/autounattend/IoT-Enterprise/Designer.xml"
        ventoy_autounattend $xml
    }
    menuentry "Dev" {
        set xml="/autounattend/IoT-Enterprise/Dev.xml"
        ventoy_autounattend $xml
    }
    menuentry "Full" {
        set xml="/autounattend/IoT-Enterprise/Full.xml"
        ventoy_autounattend $xml
    }
    menuentry "Gamer" {
        set xml="/autounattend/IoT-Enterprise/Gamer.xml"
        ventoy_autounattend $xml
    }
}

submenu "Windows OEM" {
    menuentry "Basico" {
        set xml="/autounattend/OEM/Basico.xml"
        ventoy_autounattend $xml
    }
    menuentry "Cru" {
        set xml="/autounattend/OEM/Cru.xml"
        ventoy_autounattend $xml
    }
    menuentry "Designer" {
        set xml="/autounattend/OEM/Designer.xml"
        ventoy_autounattend $xml
    }
    menuentry "Dev" {
        set xml="/autounattend/OEM/Dev.xml"
        ventoy_autounattend $xml
    }
    menuentry "Full" {
        set xml="/autounattend/OEM/Full.xml"
        ventoy_autounattend $xml
    }
    menuentry "Gamer" {
        set xml="/autounattend/OEM/Gamer.xml"
        ventoy_autounattend $xml
    }
}

submenu "Windows Pro-Education" {
    menuentry "Basico" {
        set xml="/autounattend/Pro-Education/Basico.xml"
        ventoy_autounattend $xml
    }
    menuentry "Cru" {
        set xml="/autounattend/Pro-Education/Cru.xml"
        ventoy_autounattend $xml
    }
    menuentry "Designer" {
        set xml="/autounattend/Pro-Education/Designer.xml"
        ventoy_autounattend $xml
    }
    menuentry "Dev" {
        set xml="/autounattend/Pro-Education/Dev.xml"
        ventoy_autounattend $xml
    }
    menuentry "Full" {
        set xml="/autounattend/Pro-Education/Full.xml"
        ventoy_autounattend $xml
    }
    menuentry "Gamer" {
        set xml="/autounattend/Pro-Education/Gamer.xml"
        ventoy_autounattend $xml
    }
}

submenu "Windows Pro-Workstation" {
    menuentry "Basico" {
        set xml="/autounattend/Pro-Workstation/Basico.xml"
        ventoy_autounattend $xml
    }
    menuentry "Cru" {
        set xml="/autounattend/Pro-Workstation/Cru.xml"
        ventoy_autounattend $xml
    }
    menuentry "Designer" {
        set xml="/autounattend/Pro-Workstation/Designer.xml"
        ventoy_autounattend $xml
    }
    menuentry "Dev" {
        set xml="/autounattend/Pro-Workstation/Dev.xml"
        ventoy_autounattend $xml
    }
    menuentry "Full" {
        set xml="/autounattend/Pro-Workstation/Full.xml"
        ventoy_autounattend $xml
    }
    menuentry "Gamer" {
        set xml="/autounattend/Pro-Workstation/Gamer.xml"
        ventoy_autounattend $xml
    }
}

submenu "Windows Pro" {
    menuentry "Basico" {
        set xml="/autounattend/Pro/Basico.xml"
        ventoy_autounattend $xml
    }
    menuentry "Cru" {
        set xml="/autounattend/Pro/Cru.xml"
        ventoy_autounattend $xml
    }
    menuentry "Designer" {
        set xml="/autounattend/Pro/Designer.xml"
        ventoy_autounattend $xml
    }
    menuentry "Dev" {
        set xml="/autounattend/Pro/Dev.xml"
        ventoy_autounattend $xml
    }
    menuentry "Full" {
        set xml="/autounattend/Pro/Full.xml"
        ventoy_autounattend $xml
    }
    menuentry "Gamer" {
        set xml="/autounattend/Pro/Gamer.xml"
        ventoy_autounattend $xml
    }
}

submenu "Windows Server-2022-Datacenter" {
    menuentry "Basico" {
        set xml="/autounattend/Server-2022-Datacenter/Basico.xml"
        ventoy_autounattend $xml
    }
    menuentry "Cru" {
        set xml="/autounattend/Server-2022-Datacenter/Cru.xml"
        ventoy_autounattend $xml
    }
    menuentry "Designer" {
        set xml="/autounattend/Server-2022-Datacenter/Designer.xml"
        ventoy_autounattend $xml
    }
    menuentry "Dev" {
        set xml="/autounattend/Server-2022-Datacenter/Dev.xml"
        ventoy_autounattend $xml
    }
    menuentry "Full" {
        set xml="/autounattend/Server-2022-Datacenter/Full.xml"
        ventoy_autounattend $xml
    }
    menuentry "Gamer" {
        set xml="/autounattend/Server-2022-Datacenter/Gamer.xml"
        ventoy_autounattend $xml
    }
}

submenu "Windows Server-2022-Standard" {
    menuentry "Basico" {
        set xml="/autounattend/Server-2022-Standard/Basico.xml"
        ventoy_autounattend $xml
    }
    menuentry "Cru" {
        set xml="/autounattend/Server-2022-Standard/Cru.xml"
        ventoy_autounattend $xml
    }
    menuentry "Designer" {
        set xml="/autounattend/Server-2022-Standard/Designer.xml"
        ventoy_autounattend $xml
    }
    menuentry "Dev" {
        set xml="/autounattend/Server-2022-Standard/Dev.xml"
        ventoy_autounattend $xml
    }
    menuentry "Full" {
        set xml="/autounattend/Server-2022-Standard/Full.xml"
        ventoy_autounattend $xml
    }
    menuentry "Gamer" {
        set xml="/autounattend/Server-2022-Standard/Gamer.xml"
        ventoy_autounattend $xml
    }
}
